// Jest Snapshot v1, https://goo.gl/fbAQLP

exports[`CompareDisplay should match snapshot 1`] = `
ShallowWrapper {
  "length": 1,
  Symbol(enzyme.__root__): [Circular],
  Symbol(enzyme.__unrendered__): <CompareDisplay
    card1="card1"
    card2="card2"
    comparison="comparison"
/>,
  Symbol(enzyme.__renderer__): Object {
    "batchedUpdates": [Function],
    "getNode": [Function],
    "render": [Function],
    "simulateEvent": [Function],
    "unmount": [Function],
  },
  Symbol(enzyme.__node__): Object {
    "instance": null,
    "key": undefined,
    "nodeType": "host",
    "props": Object {
      "children": Array [
        <div
          className="compare-container"
>
          <Card
                    card="card1"
                    clickHandler={undefined}
                    highlight="true"
          />
</div>,
        <div
          className="compare-container"
>
          <CompareCard
                    card="comparison"
          />
</div>,
        <div
          className="compare-container"
>
          <Card
                    card="card2"
                    clickHandler={undefined}
                    highlight="true"
          />
</div>,
      ],
      "className": "compare-display",
    },
    "ref": null,
    "rendered": Array [
      Object {
        "instance": null,
        "key": undefined,
        "nodeType": "host",
        "props": Object {
          "children": <Card
            card="card1"
            clickHandler={undefined}
            highlight="true"
/>,
          "className": "compare-container",
        },
        "ref": null,
        "rendered": Object {
          "instance": null,
          "key": undefined,
          "nodeType": "function",
          "props": Object {
            "card": "card1",
            "clickHandler": undefined,
            "highlight": "true",
          },
          "ref": null,
          "rendered": null,
          "type": [Function],
        },
        "type": "div",
      },
      Object {
        "instance": null,
        "key": undefined,
        "nodeType": "host",
        "props": Object {
          "children": <CompareCard
            card="comparison"
/>,
          "className": "compare-container",
        },
        "ref": null,
        "rendered": Object {
          "instance": null,
          "key": undefined,
          "nodeType": "function",
          "props": Object {
            "card": "comparison",
          },
          "ref": null,
          "rendered": null,
          "type": [Function],
        },
        "type": "div",
      },
      Object {
        "instance": null,
        "key": undefined,
        "nodeType": "host",
        "props": Object {
          "children": <Card
            card="card2"
            clickHandler={undefined}
            highlight="true"
/>,
          "className": "compare-container",
        },
        "ref": null,
        "rendered": Object {
          "instance": null,
          "key": undefined,
          "nodeType": "function",
          "props": Object {
            "card": "card2",
            "clickHandler": undefined,
            "highlight": "true",
          },
          "ref": null,
          "rendered": null,
          "type": [Function],
        },
        "type": "div",
      },
    ],
    "type": "section",
  },
  Symbol(enzyme.__nodes__): Array [
    Object {
      "instance": null,
      "key": undefined,
      "nodeType": "host",
      "props": Object {
        "children": Array [
          <div
            className="compare-container"
>
            <Card
                        card="card1"
                        clickHandler={undefined}
                        highlight="true"
            />
</div>,
          <div
            className="compare-container"
>
            <CompareCard
                        card="comparison"
            />
</div>,
          <div
            className="compare-container"
>
            <Card
                        card="card2"
                        clickHandler={undefined}
                        highlight="true"
            />
</div>,
        ],
        "className": "compare-display",
      },
      "ref": null,
      "rendered": Array [
        Object {
          "instance": null,
          "key": undefined,
          "nodeType": "host",
          "props": Object {
            "children": <Card
              card="card1"
              clickHandler={undefined}
              highlight="true"
/>,
            "className": "compare-container",
          },
          "ref": null,
          "rendered": Object {
            "instance": null,
            "key": undefined,
            "nodeType": "function",
            "props": Object {
              "card": "card1",
              "clickHandler": undefined,
              "highlight": "true",
            },
            "ref": null,
            "rendered": null,
            "type": [Function],
          },
          "type": "div",
        },
        Object {
          "instance": null,
          "key": undefined,
          "nodeType": "host",
          "props": Object {
            "children": <CompareCard
              card="comparison"
/>,
            "className": "compare-container",
          },
          "ref": null,
          "rendered": Object {
            "instance": null,
            "key": undefined,
            "nodeType": "function",
            "props": Object {
              "card": "comparison",
            },
            "ref": null,
            "rendered": null,
            "type": [Function],
          },
          "type": "div",
        },
        Object {
          "instance": null,
          "key": undefined,
          "nodeType": "host",
          "props": Object {
            "children": <Card
              card="card2"
              clickHandler={undefined}
              highlight="true"
/>,
            "className": "compare-container",
          },
          "ref": null,
          "rendered": Object {
            "instance": null,
            "key": undefined,
            "nodeType": "function",
            "props": Object {
              "card": "card2",
              "clickHandler": undefined,
              "highlight": "true",
            },
            "ref": null,
            "rendered": null,
            "type": [Function],
          },
          "type": "div",
        },
      ],
      "type": "section",
    },
  ],
  Symbol(enzyme.__options__): Object {
    "adapter": ReactSixteenAdapter {
      "options": Object {
        "enableComponentDidUpdateOnSetState": true,
      },
    },
  },
}
`;
