// Jest Snapshot v1, https://goo.gl/fbAQLP

exports[`ControlForm should match snapshot 1`] = `
ShallowWrapper {
  "length": 1,
  Symbol(enzyme.__root__): [Circular],
  Symbol(enzyme.__unrendered__): <ControlForm />,
  Symbol(enzyme.__renderer__): Object {
    "batchedUpdates": [Function],
    "getNode": [Function],
    "render": [Function],
    "simulateEvent": [Function],
    "unmount": [Function],
  },
  Symbol(enzyme.__node__): Object {
    "instance": null,
    "key": undefined,
    "nodeType": "host",
    "props": Object {
      "children": Array [
        <label
          htmlFor="searchDistrict"
>
          Find your district
</label>,
        <input
          id="searchDistrict"
          onChange={[Function]}
          placeholder="Search for a school district"
          type="text"
          value=""
/>,
      ],
      "className": "control-form",
      "onSubmit": [Function],
    },
    "ref": null,
    "rendered": Array [
      Object {
        "instance": null,
        "key": undefined,
        "nodeType": "host",
        "props": Object {
          "children": "Find your district",
          "htmlFor": "searchDistrict",
        },
        "ref": null,
        "rendered": "Find your district",
        "type": "label",
      },
      Object {
        "instance": null,
        "key": undefined,
        "nodeType": "host",
        "props": Object {
          "id": "searchDistrict",
          "onChange": [Function],
          "placeholder": "Search for a school district",
          "type": "text",
          "value": "",
        },
        "ref": null,
        "rendered": null,
        "type": "input",
      },
    ],
    "type": "form",
  },
  Symbol(enzyme.__nodes__): Array [
    Object {
      "instance": null,
      "key": undefined,
      "nodeType": "host",
      "props": Object {
        "children": Array [
          <label
            htmlFor="searchDistrict"
>
            Find your district
</label>,
          <input
            id="searchDistrict"
            onChange={[Function]}
            placeholder="Search for a school district"
            type="text"
            value=""
/>,
        ],
        "className": "control-form",
        "onSubmit": [Function],
      },
      "ref": null,
      "rendered": Array [
        Object {
          "instance": null,
          "key": undefined,
          "nodeType": "host",
          "props": Object {
            "children": "Find your district",
            "htmlFor": "searchDistrict",
          },
          "ref": null,
          "rendered": "Find your district",
          "type": "label",
        },
        Object {
          "instance": null,
          "key": undefined,
          "nodeType": "host",
          "props": Object {
            "id": "searchDistrict",
            "onChange": [Function],
            "placeholder": "Search for a school district",
            "type": "text",
            "value": "",
          },
          "ref": null,
          "rendered": null,
          "type": "input",
        },
      ],
      "type": "form",
    },
  ],
  Symbol(enzyme.__options__): Object {
    "adapter": ReactSixteenAdapter {
      "options": Object {
        "enableComponentDidUpdateOnSetState": true,
      },
    },
  },
}
`;
