// Jest Snapshot v1, https://goo.gl/fbAQLP

exports[`CompareCard should should match its snapshot 1`] = `
ShallowWrapper {
  "length": 1,
  Symbol(enzyme.__root__): [Circular],
  Symbol(enzyme.__unrendered__): <CompareCard
    card={
        Object {
            "Boston, Ma": 1234,
            "Denver, Co": 4321,
            "compared": 0.609,
          }
    }
/>,
  Symbol(enzyme.__renderer__): Object {
    "batchedUpdates": [Function],
    "getNode": [Function],
    "render": [Function],
    "simulateEvent": [Function],
    "unmount": [Function],
  },
  Symbol(enzyme.__node__): Object {
    "instance": null,
    "key": undefined,
    "nodeType": "host",
    "props": Object {
      "children": Array [
        <h2>
          Compared Districts
</h2>,
        <div>
          <h3>
                    Denver, Co
          </h3>
          <p>
                     ⇦ 
                    4321
          </p>
</div>,
        <div>
          <h4>
                    Ratio
          </h4>
          <p>
                    0.609
          </p>
</div>,
        <div>
          <h3>
                    Boston, Ma
          </h3>
          <p>
                    1234
                     ⇨
          </p>
</div>,
      ],
      "className": "data-card compare-card",
    },
    "ref": null,
    "rendered": Array [
      Object {
        "instance": null,
        "key": undefined,
        "nodeType": "host",
        "props": Object {
          "children": "Compared Districts",
        },
        "ref": null,
        "rendered": "Compared Districts",
        "type": "h2",
      },
      Object {
        "instance": null,
        "key": undefined,
        "nodeType": "host",
        "props": Object {
          "children": Array [
            <h3>
              Denver, Co
</h3>,
            <p>
               ⇦ 
              4321
</p>,
          ],
        },
        "ref": null,
        "rendered": Array [
          Object {
            "instance": null,
            "key": undefined,
            "nodeType": "host",
            "props": Object {
              "children": "Denver, Co",
            },
            "ref": null,
            "rendered": "Denver, Co",
            "type": "h3",
          },
          Object {
            "instance": null,
            "key": undefined,
            "nodeType": "host",
            "props": Object {
              "children": Array [
                " ⇦ ",
                4321,
              ],
            },
            "ref": null,
            "rendered": Array [
              " ⇦ ",
              4321,
            ],
            "type": "p",
          },
        ],
        "type": "div",
      },
      Object {
        "instance": null,
        "key": undefined,
        "nodeType": "host",
        "props": Object {
          "children": Array [
            <h4>
              Ratio
</h4>,
            <p>
              0.609
</p>,
          ],
        },
        "ref": null,
        "rendered": Array [
          Object {
            "instance": null,
            "key": undefined,
            "nodeType": "host",
            "props": Object {
              "children": "Ratio",
            },
            "ref": null,
            "rendered": "Ratio",
            "type": "h4",
          },
          Object {
            "instance": null,
            "key": undefined,
            "nodeType": "host",
            "props": Object {
              "children": 0.609,
            },
            "ref": null,
            "rendered": 0.609,
            "type": "p",
          },
        ],
        "type": "div",
      },
      Object {
        "instance": null,
        "key": undefined,
        "nodeType": "host",
        "props": Object {
          "children": Array [
            <h3>
              Boston, Ma
</h3>,
            <p>
              1234
               ⇨
</p>,
          ],
        },
        "ref": null,
        "rendered": Array [
          Object {
            "instance": null,
            "key": undefined,
            "nodeType": "host",
            "props": Object {
              "children": "Boston, Ma",
            },
            "ref": null,
            "rendered": "Boston, Ma",
            "type": "h3",
          },
          Object {
            "instance": null,
            "key": undefined,
            "nodeType": "host",
            "props": Object {
              "children": Array [
                1234,
                " ⇨",
              ],
            },
            "ref": null,
            "rendered": Array [
              1234,
              " ⇨",
            ],
            "type": "p",
          },
        ],
        "type": "div",
      },
    ],
    "type": "div",
  },
  Symbol(enzyme.__nodes__): Array [
    Object {
      "instance": null,
      "key": undefined,
      "nodeType": "host",
      "props": Object {
        "children": Array [
          <h2>
            Compared Districts
</h2>,
          <div>
            <h3>
                        Denver, Co
            </h3>
            <p>
                         ⇦ 
                        4321
            </p>
</div>,
          <div>
            <h4>
                        Ratio
            </h4>
            <p>
                        0.609
            </p>
</div>,
          <div>
            <h3>
                        Boston, Ma
            </h3>
            <p>
                        1234
                         ⇨
            </p>
</div>,
        ],
        "className": "data-card compare-card",
      },
      "ref": null,
      "rendered": Array [
        Object {
          "instance": null,
          "key": undefined,
          "nodeType": "host",
          "props": Object {
            "children": "Compared Districts",
          },
          "ref": null,
          "rendered": "Compared Districts",
          "type": "h2",
        },
        Object {
          "instance": null,
          "key": undefined,
          "nodeType": "host",
          "props": Object {
            "children": Array [
              <h3>
                Denver, Co
</h3>,
              <p>
                 ⇦ 
                4321
</p>,
            ],
          },
          "ref": null,
          "rendered": Array [
            Object {
              "instance": null,
              "key": undefined,
              "nodeType": "host",
              "props": Object {
                "children": "Denver, Co",
              },
              "ref": null,
              "rendered": "Denver, Co",
              "type": "h3",
            },
            Object {
              "instance": null,
              "key": undefined,
              "nodeType": "host",
              "props": Object {
                "children": Array [
                  " ⇦ ",
                  4321,
                ],
              },
              "ref": null,
              "rendered": Array [
                " ⇦ ",
                4321,
              ],
              "type": "p",
            },
          ],
          "type": "div",
        },
        Object {
          "instance": null,
          "key": undefined,
          "nodeType": "host",
          "props": Object {
            "children": Array [
              <h4>
                Ratio
</h4>,
              <p>
                0.609
</p>,
            ],
          },
          "ref": null,
          "rendered": Array [
            Object {
              "instance": null,
              "key": undefined,
              "nodeType": "host",
              "props": Object {
                "children": "Ratio",
              },
              "ref": null,
              "rendered": "Ratio",
              "type": "h4",
            },
            Object {
              "instance": null,
              "key": undefined,
              "nodeType": "host",
              "props": Object {
                "children": 0.609,
              },
              "ref": null,
              "rendered": 0.609,
              "type": "p",
            },
          ],
          "type": "div",
        },
        Object {
          "instance": null,
          "key": undefined,
          "nodeType": "host",
          "props": Object {
            "children": Array [
              <h3>
                Boston, Ma
</h3>,
              <p>
                1234
                 ⇨
</p>,
            ],
          },
          "ref": null,
          "rendered": Array [
            Object {
              "instance": null,
              "key": undefined,
              "nodeType": "host",
              "props": Object {
                "children": "Boston, Ma",
              },
              "ref": null,
              "rendered": "Boston, Ma",
              "type": "h3",
            },
            Object {
              "instance": null,
              "key": undefined,
              "nodeType": "host",
              "props": Object {
                "children": Array [
                  1234,
                  " ⇨",
                ],
              },
              "ref": null,
              "rendered": Array [
                1234,
                " ⇨",
              ],
              "type": "p",
            },
          ],
          "type": "div",
        },
      ],
      "type": "div",
    },
  ],
  Symbol(enzyme.__options__): Object {
    "adapter": ReactSixteenAdapter {
      "options": Object {
        "enableComponentDidUpdateOnSetState": true,
      },
    },
  },
}
`;
